1) If you haven't already, please create a Github account if you have not already done so.

2) Once complete, practice the following on your own machine and paste the commands you run for each step below.

Initializing git folder
    1. In CodingNomads folder, create new folder git_practice
    batman@Nicolass-Air CodingNomads % mkdir git_practice
    2. Inside git_practice:
        a. Initialize folder as a git folder (make sure you are in the correct folder when initializing) by running
            the "git init" command within the git_practice folder.
            batman@Nicolass-Air git_practice % git init
            Initialized empty Git repository in /Users/batman/Documents/CodingNomads/git_practice/.git/
        b. Make new file
        batman@Nicolass-Air git_practice % vim git_practice_file
        c. Add file
        batman@Nicolass-Air git_practice % git add git_practice_file
        batman@Nicolass-Air git_practice % git status
        On branch main

        No commits yet

        Changes to be committed:
          (use "git rm --cached <file>..." to unstage)
        	new file:   git_practice_file
        d. Commit file
        batman@Nicolass-Air git_practice % git commit -m "adding file to git_practice"
        [main (root-commit) 270812b] adding file to git_practice
         1 file changed, 1 insertion(+)
         create mode 100644 git_practice_file
        c. On Github, create new git_practice repository
        d. Add this new GitHub repository as a new "remote" to your local Git repo. You can do this by using the command
            git remote add <ANY_NAME> <URL_OF_NEW_GITHUB_REPO.git>

        batman@Nicolass-Air git_practice % git remote add practice https://github.com/nwlu/git_practice.git
        batman@Nicolass-Air git_practice % git remote -v
        practice	https://github.com/nwlu/git_practice.git (fetch)
        practice	https://github.com/nwlu/git_practice.git (push)
        d. Push commit file to Github
        batman@Nicolass-Air git_practice % git push -u practice main
        Enumerating objects: 3, done.
        Counting objects: 100% (3/3), done.
        Writing objects: 100% (3/3), 255 bytes | 255.00 KiB/s, done.
        Total 3 (delta 0), reused 0 (delta 0), pack-reused 0
        To https://github.com/nwlu/git_practice.git
         * [new branch]      main -> main
        branch 'main' set up to track 'practice/main'.
        e. Practice the following git flow until you feel comfortable:
            i.   Create or modify file
            batman@Nicolass-Air git_practice % vim git_practice_file2
            ii.  Add file(s)
            batman@Nicolass-Air git_practice % git add git_practice_file2
            iii. Commit file(s)
            batman@Nicolass-Air git_practice % git commit -m "adding practice file 2"
            [main 50b308a] adding practice file 2
             1 file changed, 1 insertion(+)
             create mode 100644 git_practice_file2
            iv.  Push file(s) to Github repository
            batman@Nicolass-Air git_practice % git push
            Enumerating objects: 4, done.
            Counting objects: 100% (4/4), done.
            Delta compression using up to 8 threads
            Compressing objects: 100% (2/2), done.
            Writing objects: 100% (3/3), 316 bytes | 316.00 KiB/s, done.
            Total 3 (delta 0), reused 0 (delta 0), pack-reused 0
            To https://github.com/nwlu/git_practice.git
               270812b..50b308a  main -> main

Adding a remote
    1. Create new personal repository on Github named "git_practice_2".
    2. On local machine, add the new remote address to the same git repo you were working with in the previous section above
        (directions are provided on Github with new repo is created)
        batman@Nicolass-Air git_practice % git remote add practice_2 https://github.com/nwlu/git_practice_2.git
        batman@Nicolass-Air git_practice % git remote -v
        practice	https://github.com/nwlu/git_practice.git (fetch)
        practice	https://github.com/nwlu/git_practice.git (push)
        practice_2	https://github.com/nwlu/git_practice_2.git (fetch)
        practice_2	https://github.com/nwlu/git_practice_2.git (push)
    3. Push local git repository to your Github using the new remote.
    batman@Nicolass-Air git_practice % git push -u practice_2 main
    Enumerating objects: 6, done.
    Counting objects: 100% (6/6), done.
    Delta compression using up to 8 threads
    Compressing objects: 100% (3/3), done.
    Writing objects: 100% (6/6), 539 bytes | 539.00 KiB/s, done.
    Total 6 (delta 0), reused 0 (delta 0), pack-reused 0
    To https://github.com/nwlu/git_practice_2.git
     * [new branch]      main -> main
    branch 'main' set up to track 'practice_2/main'.

Cloning repository from Github
    1. Find a repository on Github
    https://github.com/topfreegames/maestro.git
    2. Clone repository to local machine
    batman@Nicolass-Air CodingNomads % git clone https://github.com/topfreegames/maestro.git
    Cloning into 'maestro'...
    3. Create new repository on Github
    4. Add new remote on local machine
    batman@Nicolass-Air maestro % git remote add maestro https://github.com/nwlu/maestro.git
    batman@Nicolass-Air maestro % git remote -v
    maestro	https://github.com/nwlu/maestro.git (fetch)
    maestro	https://github.com/nwlu/maestro.git (push)
    origin	https://github.com/topfreegames/maestro.git (fetch)
    origin	https://github.com/topfreegames/maestro.git (push)
    5. Push to new Github repository
    batman@Nicolass-Air maestro % git push -u maestro main
    Enumerating objects: 20740, done.
    Counting objects: 100% (20740/20740), done.
    Delta compression using up to 8 threads
    Compressing objects: 100% (5601/5601), done.
    Writing objects: 100% (20740/20740), 10.54 MiB | 15.62 MiB/s, done.
    Total 20740 (delta 14110), reused 20360 (delta 13854), pack-reused 0
    remote: Resolving deltas: 100% (14110/14110), done.
    To https://github.com/nwlu/maestro.git
     * [new branch]        main -> main
    branch 'main' set up to track 'maestro/main'.